../Core/Src/main.c:170:5:__io_putchar	16	static
../Core/Src/main.c:178:6:HAL_UART_RxCpltCallback	16	static
../Core/Src/main.c:206:5:main	16	static
../Core/Src/main.c:312:6:SystemClock_Config	88	static
../Core/Src/main.c:359:13:MX_I2C2_Init	8	static
../Core/Src/main.c:393:13:MX_TIM4_Init	32	static
../Core/Src/main.c:438:13:MX_USART2_UART_Init	8	static
../Core/Src/main.c:471:13:MX_GPIO_Init	40	static
../Core/Src/main.c:523:6:StartDefaultTask	16	static
../Core/Src/main.c:541:6:vTask_ReadDHT	24	static
../Core/Src/main.c:586:6:vTask_ReadDist	24	static
../Core/Src/main.c:617:6:vTask_InterruptHandler	32	static
../Core/Src/main.c:690:6:vTask_Display	32	static
../Core/Src/main.c:747:6:HAL_TIM_PeriodElapsedCallback	16	static
../Core/Src/main.c:764:6:Error_Handler	4	static,ignoring_inline_asm
